[2.440s] Invoking command in '/home/ubuntu/turtlebot3_ws/build/turtlebot3_teleop': PYTHONPATH=/home/ubuntu/turtlebot3_ws/build/turtlebot3_teleop/prefix_override:/usr/lib/python3/dist-packages/colcon_core/task/python/colcon_distutils_commands:/home/ubuntu/turtlebot3_ws/install/turtlebot3_teleop/lib/python3.10/site-packages:${PYTHONPATH} /usr/bin/python3 -W ignore:setup.py install is deprecated -W ignore:easy_install command is deprecated setup.py develop --editable --build-directory /home/ubuntu/turtlebot3_ws/build/turtlebot3_teleop/build --no-deps symlink_data
[3.437s] running develop
[4.019s] running egg_info
[4.020s] creating turtlebot3_teleop.egg-info
[4.020s] writing turtlebot3_teleop.egg-info/PKG-INFO
[4.021s] writing dependency_links to turtlebot3_teleop.egg-info/dependency_links.txt
[4.021s] writing entry points to turtlebot3_teleop.egg-info/entry_points.txt
[4.022s] writing requirements to turtlebot3_teleop.egg-info/requires.txt
[4.022s] writing top-level names to turtlebot3_teleop.egg-info/top_level.txt
[4.023s] writing manifest file 'turtlebot3_teleop.egg-info/SOURCES.txt'
[4.030s] reading manifest file 'turtlebot3_teleop.egg-info/SOURCES.txt'
[4.032s] writing manifest file 'turtlebot3_teleop.egg-info/SOURCES.txt'
[4.038s] running build_ext
[4.038s] Creating /home/ubuntu/turtlebot3_ws/install/turtlebot3_teleop/lib/python3.10/site-packages/turtlebot3-teleop.egg-link (link to .)
[4.042s] Installing teleop_keyboard script to /home/ubuntu/turtlebot3_ws/install/turtlebot3_teleop/lib/turtlebot3_teleop
[4.043s] 
[4.044s] Installed /home/ubuntu/turtlebot3_ws/build/turtlebot3_teleop
[4.044s] running symlink_data
[4.044s] creating /home/ubuntu/turtlebot3_ws/install/turtlebot3_teleop/share/ament_index
[4.045s] creating /home/ubuntu/turtlebot3_ws/install/turtlebot3_teleop/share/ament_index/resource_index
[4.045s] creating /home/ubuntu/turtlebot3_ws/install/turtlebot3_teleop/share/ament_index/resource_index/packages
[4.046s] symbolically linking /home/ubuntu/turtlebot3_ws/build/turtlebot3_teleop/resource/turtlebot3_teleop -> /home/ubuntu/turtlebot3_ws/install/turtlebot3_teleop/share/ament_index/resource_index/packages
[4.047s] symbolically linking /home/ubuntu/turtlebot3_ws/build/turtlebot3_teleop/package.xml -> /home/ubuntu/turtlebot3_ws/install/turtlebot3_teleop/share/turtlebot3_teleop
[4.169s] Invoked command in '/home/ubuntu/turtlebot3_ws/build/turtlebot3_teleop' returned '0': PYTHONPATH=/home/ubuntu/turtlebot3_ws/build/turtlebot3_teleop/prefix_override:/usr/lib/python3/dist-packages/colcon_core/task/python/colcon_distutils_commands:/home/ubuntu/turtlebot3_ws/install/turtlebot3_teleop/lib/python3.10/site-packages:${PYTHONPATH} /usr/bin/python3 -W ignore:setup.py install is deprecated -W ignore:easy_install command is deprecated setup.py develop --editable --build-directory /home/ubuntu/turtlebot3_ws/build/turtlebot3_teleop/build --no-deps symlink_data
