[0.040s] Invoking command in '/home/ubuntu/turtlebot3_ws/build/turtlebot3_description': CMAKE_PREFIX_PATH=/opt/ros/humble /usr/bin/cmake /home/ubuntu/turtlebot3_ws/src/turtlebot3/turtlebot3_description -DAMENT_CMAKE_SYMLINK_INSTALL=1 -DCMAKE_INSTALL_PREFIX=/home/ubuntu/turtlebot3_ws/install/turtlebot3_description
[0.283s] -- The C compiler identification is GNU 11.4.0
[0.519s] -- The CXX compiler identification is GNU 11.4.0
[0.548s] -- Detecting C compiler ABI info
[0.841s] -- Detecting C compiler ABI info - done
[0.867s] -- Check for working C compiler: /usr/bin/cc - skipped
[0.868s] -- Detecting C compile features
[0.869s] -- Detecting C compile features - done
[0.880s] -- Detecting CXX compiler ABI info
[1.202s] -- Detecting CXX compiler ABI info - done
[1.229s] -- Check for working CXX compiler: /usr/bin/c++ - skipped
[1.229s] -- Detecting CXX compile features
[1.231s] -- Detecting CXX compile features - done
[1.246s] -- Found ament_cmake: 1.3.11 (/opt/ros/humble/share/ament_cmake/cmake)
[1.889s] -- Found Python3: /usr/bin/python3 (found version "3.10.12") found components: Interpreter 
[2.148s] -- Override CMake install command with custom implementation using symlinks instead of copying resources
[2.301s] -- Found urdf: 2.6.1 (/opt/ros/humble/share/urdf/cmake)
[2.825s] -- Configuring done
[2.843s] -- Generating done
[2.851s] -- Build files have been written to: /home/ubuntu/turtlebot3_ws/build/turtlebot3_description
[2.871s] Invoked command in '/home/ubuntu/turtlebot3_ws/build/turtlebot3_description' returned '0': CMAKE_PREFIX_PATH=/opt/ros/humble /usr/bin/cmake /home/ubuntu/turtlebot3_ws/src/turtlebot3/turtlebot3_description -DAMENT_CMAKE_SYMLINK_INSTALL=1 -DCMAKE_INSTALL_PREFIX=/home/ubuntu/turtlebot3_ws/install/turtlebot3_description
[2.879s] Invoking command in '/home/ubuntu/turtlebot3_ws/build/turtlebot3_description': CMAKE_PREFIX_PATH=/opt/ros/humble /usr/bin/cmake --build /home/ubuntu/turtlebot3_ws/build/turtlebot3_description -- -j4 -l4
[3.016s] Invoked command in '/home/ubuntu/turtlebot3_ws/build/turtlebot3_description' returned '0': CMAKE_PREFIX_PATH=/opt/ros/humble /usr/bin/cmake --build /home/ubuntu/turtlebot3_ws/build/turtlebot3_description -- -j4 -l4
[3.052s] Invoking command in '/home/ubuntu/turtlebot3_ws/build/turtlebot3_description': CMAKE_PREFIX_PATH=/opt/ros/humble /usr/bin/cmake --install /home/ubuntu/turtlebot3_ws/build/turtlebot3_description
[3.078s] -- Install configuration: ""
[3.080s] -- Execute custom install script
[3.083s] -- Symlinking: /home/ubuntu/turtlebot3_ws/install/turtlebot3_description/share/turtlebot3_description/meshes/bases/burger_base.stl
[3.112s] -- Symlinking: /home/ubuntu/turtlebot3_ws/install/turtlebot3_description/share/turtlebot3_description/meshes/bases/waffle_base.stl
[3.140s] -- Symlinking: /home/ubuntu/turtlebot3_ws/install/turtlebot3_description/share/turtlebot3_description/meshes/bases/waffle_pi_base.stl
[3.169s] -- Symlinking: /home/ubuntu/turtlebot3_ws/install/turtlebot3_description/share/turtlebot3_description/meshes/sensors/astra.dae
[3.198s] -- Symlinking: /home/ubuntu/turtlebot3_ws/install/turtlebot3_description/share/turtlebot3_description/meshes/sensors/astra.jpg
[3.227s] -- Symlinking: /home/ubuntu/turtlebot3_ws/install/turtlebot3_description/share/turtlebot3_description/meshes/sensors/lds.stl
[3.256s] -- Symlinking: /home/ubuntu/turtlebot3_ws/install/turtlebot3_description/share/turtlebot3_description/meshes/sensors/r200.dae
[3.285s] -- Symlinking: /home/ubuntu/turtlebot3_ws/install/turtlebot3_description/share/turtlebot3_description/meshes/sensors/r200.jpg
[3.314s] -- Symlinking: /home/ubuntu/turtlebot3_ws/install/turtlebot3_description/share/turtlebot3_description/meshes/wheels/left_tire.stl
[3.346s] -- Symlinking: /home/ubuntu/turtlebot3_ws/install/turtlebot3_description/share/turtlebot3_description/meshes/wheels/right_tire.stl
[3.375s] -- Symlinking: /home/ubuntu/turtlebot3_ws/install/turtlebot3_description/share/turtlebot3_description/rviz/model.rviz
[3.407s] -- Symlinking: /home/ubuntu/turtlebot3_ws/install/turtlebot3_description/share/turtlebot3_description/urdf/common_properties.urdf
[3.438s] -- Symlinking: /home/ubuntu/turtlebot3_ws/install/turtlebot3_description/share/turtlebot3_description/urdf/turtlebot3_burger.urdf
[3.466s] -- Symlinking: /home/ubuntu/turtlebot3_ws/install/turtlebot3_description/share/turtlebot3_description/urdf/turtlebot3_waffle.urdf
[3.497s] -- Symlinking: /home/ubuntu/turtlebot3_ws/install/turtlebot3_description/share/turtlebot3_description/urdf/turtlebot3_waffle_pi.urdf
[3.558s] -- Symlinking: /home/ubuntu/turtlebot3_ws/install/turtlebot3_description/share/ament_index/resource_index/package_run_dependencies/turtlebot3_description
[3.591s] -- Symlinking: /home/ubuntu/turtlebot3_ws/install/turtlebot3_description/share/ament_index/resource_index/parent_prefix_path/turtlebot3_description
[3.621s] -- Symlinking: /home/ubuntu/turtlebot3_ws/install/turtlebot3_description/share/turtlebot3_description/environment/ament_prefix_path.sh
[3.652s] -- Symlinking: /home/ubuntu/turtlebot3_ws/install/turtlebot3_description/share/turtlebot3_description/environment/ament_prefix_path.dsv
[3.681s] -- Symlinking: /home/ubuntu/turtlebot3_ws/install/turtlebot3_description/share/turtlebot3_description/environment/path.sh
[3.710s] -- Symlinking: /home/ubuntu/turtlebot3_ws/install/turtlebot3_description/share/turtlebot3_description/environment/path.dsv
[3.742s] -- Symlinking: /home/ubuntu/turtlebot3_ws/install/turtlebot3_description/share/turtlebot3_description/local_setup.bash
[3.771s] -- Symlinking: /home/ubuntu/turtlebot3_ws/install/turtlebot3_description/share/turtlebot3_description/local_setup.sh
[3.802s] -- Symlinking: /home/ubuntu/turtlebot3_ws/install/turtlebot3_description/share/turtlebot3_description/local_setup.zsh
[3.830s] -- Symlinking: /home/ubuntu/turtlebot3_ws/install/turtlebot3_description/share/turtlebot3_description/local_setup.dsv
[3.859s] -- Symlinking: /home/ubuntu/turtlebot3_ws/install/turtlebot3_description/share/turtlebot3_description/package.dsv
[3.889s] -- Symlinking: /home/ubuntu/turtlebot3_ws/install/turtlebot3_description/share/ament_index/resource_index/packages/turtlebot3_description
[3.920s] -- Symlinking: /home/ubuntu/turtlebot3_ws/install/turtlebot3_description/share/turtlebot3_description/cmake/turtlebot3_descriptionConfig.cmake
[3.949s] -- Symlinking: /home/ubuntu/turtlebot3_ws/install/turtlebot3_description/share/turtlebot3_description/cmake/turtlebot3_descriptionConfig-version.cmake
[3.980s] -- Symlinking: /home/ubuntu/turtlebot3_ws/install/turtlebot3_description/share/turtlebot3_description/package.xml
[4.013s] Invoked command in '/home/ubuntu/turtlebot3_ws/build/turtlebot3_description' returned '0': CMAKE_PREFIX_PATH=/opt/ros/humble /usr/bin/cmake --install /home/ubuntu/turtlebot3_ws/build/turtlebot3_description
