[2.529s] Invoking command in '/home/ubuntu/turtlebot3_ws/src/py_pubsub': PYTHONPATH=/home/ubuntu/turtlebot3_ws/build/py_pubsub/prefix_override:/usr/lib/python3/dist-packages/colcon_core/task/python/colcon_distutils_commands:/home/ubuntu/turtlebot3_ws/install/py_pubsub/lib/python3.10/site-packages:${PYTHONPATH} /usr/bin/python3 -W ignore:setup.py install is deprecated -W ignore:easy_install command is deprecated setup.py egg_info --egg-base ../../build/py_pubsub build --build-base /home/ubuntu/turtlebot3_ws/build/py_pubsub/build install --record /home/ubuntu/turtlebot3_ws/build/py_pubsub/install.log --single-version-externally-managed install_data
[3.492s] running egg_info
[3.494s] creating ../../build/py_pubsub/py_pubsub.egg-info
[3.494s] writing ../../build/py_pubsub/py_pubsub.egg-info/PKG-INFO
[3.495s] writing dependency_links to ../../build/py_pubsub/py_pubsub.egg-info/dependency_links.txt
[3.496s] writing entry points to ../../build/py_pubsub/py_pubsub.egg-info/entry_points.txt
[3.496s] writing requirements to ../../build/py_pubsub/py_pubsub.egg-info/requires.txt
[3.497s] writing top-level names to ../../build/py_pubsub/py_pubsub.egg-info/top_level.txt
[3.498s] writing manifest file '../../build/py_pubsub/py_pubsub.egg-info/SOURCES.txt'
[3.505s] reading manifest file '../../build/py_pubsub/py_pubsub.egg-info/SOURCES.txt'
[3.507s] writing manifest file '../../build/py_pubsub/py_pubsub.egg-info/SOURCES.txt'
[3.508s] running build
[3.508s] running build_py
[3.509s] creating /home/ubuntu/turtlebot3_ws/build/py_pubsub/build
[3.509s] creating /home/ubuntu/turtlebot3_ws/build/py_pubsub/build/lib
[3.510s] creating /home/ubuntu/turtlebot3_ws/build/py_pubsub/build/lib/py_pubsub
[3.510s] copying py_pubsub/__init__.py -> /home/ubuntu/turtlebot3_ws/build/py_pubsub/build/lib/py_pubsub
[3.511s] copying py_pubsub/publisher_member_function.py -> /home/ubuntu/turtlebot3_ws/build/py_pubsub/build/lib/py_pubsub
[3.511s] running install
[3.513s] running install_lib
[3.518s] running install_data
[3.518s] copying package.xml -> /home/ubuntu/turtlebot3_ws/install/py_pubsub/share/py_pubsub
[3.519s] running install_egg_info
[3.526s] removing '/home/ubuntu/turtlebot3_ws/install/py_pubsub/lib/python3.10/site-packages/py_pubsub-0.0.0-py3.10.egg-info' (and everything under it)
[3.527s] Copying ../../build/py_pubsub/py_pubsub.egg-info to /home/ubuntu/turtlebot3_ws/install/py_pubsub/lib/python3.10/site-packages/py_pubsub-0.0.0-py3.10.egg-info
[3.532s] running install_scripts
[3.610s] Installing talker script to /home/ubuntu/turtlebot3_ws/install/py_pubsub/lib/py_pubsub
[3.612s] writing list of installed files to '/home/ubuntu/turtlebot3_ws/build/py_pubsub/install.log'
[3.726s] Invoked command in '/home/ubuntu/turtlebot3_ws/src/py_pubsub' returned '0': PYTHONPATH=/home/ubuntu/turtlebot3_ws/build/py_pubsub/prefix_override:/usr/lib/python3/dist-packages/colcon_core/task/python/colcon_distutils_commands:/home/ubuntu/turtlebot3_ws/install/py_pubsub/lib/python3.10/site-packages:${PYTHONPATH} /usr/bin/python3 -W ignore:setup.py install is deprecated -W ignore:easy_install command is deprecated setup.py egg_info --egg-base ../../build/py_pubsub build --build-base /home/ubuntu/turtlebot3_ws/build/py_pubsub/build install --record /home/ubuntu/turtlebot3_ws/build/py_pubsub/install.log --single-version-externally-managed install_data
