[3.009s] Invoking command in '/home/ubuntu/turtlebot3_ws/build/turtlebot3_example': PYTHONPATH=/home/ubuntu/turtlebot3_ws/build/turtlebot3_example/prefix_override:/usr/lib/python3/dist-packages/colcon_core/task/python/colcon_distutils_commands:/home/ubuntu/turtlebot3_ws/install/turtlebot3_example/lib/python3.10/site-packages:${PYTHONPATH} /usr/bin/python3 -W ignore:setup.py install is deprecated -W ignore:easy_install command is deprecated setup.py develop --editable --build-directory /home/ubuntu/turtlebot3_ws/build/turtlebot3_example/build --no-deps symlink_data
[4.005s] running develop
[4.595s] running egg_info
[4.596s] creating turtlebot3_example.egg-info
[4.596s] writing turtlebot3_example.egg-info/PKG-INFO
[4.597s] writing dependency_links to turtlebot3_example.egg-info/dependency_links.txt
[4.598s] writing entry points to turtlebot3_example.egg-info/entry_points.txt
[4.598s] writing requirements to turtlebot3_example.egg-info/requires.txt
[4.599s] writing top-level names to turtlebot3_example.egg-info/top_level.txt
[4.600s] writing manifest file 'turtlebot3_example.egg-info/SOURCES.txt'
[4.608s] reading manifest file 'turtlebot3_example.egg-info/SOURCES.txt'
[4.611s] writing manifest file 'turtlebot3_example.egg-info/SOURCES.txt'
[4.681s] running build_ext
[4.682s] Creating /home/ubuntu/turtlebot3_ws/install/turtlebot3_example/lib/python3.10/site-packages/turtlebot3-example.egg-link (link to .)
[4.685s] Installing turtlebot3_obstacle_detection script to /home/ubuntu/turtlebot3_ws/install/turtlebot3_example/lib/turtlebot3_example
[4.686s] Installing turtlebot3_patrol_client script to /home/ubuntu/turtlebot3_ws/install/turtlebot3_example/lib/turtlebot3_example
[4.687s] Installing turtlebot3_patrol_server script to /home/ubuntu/turtlebot3_ws/install/turtlebot3_example/lib/turtlebot3_example
[4.687s] Installing turtlebot3_position_control script to /home/ubuntu/turtlebot3_ws/install/turtlebot3_example/lib/turtlebot3_example
[4.689s] 
[4.689s] Installed /home/ubuntu/turtlebot3_ws/build/turtlebot3_example
[4.690s] running symlink_data
[4.690s] creating /home/ubuntu/turtlebot3_ws/install/turtlebot3_example/share/ament_index
[4.690s] creating /home/ubuntu/turtlebot3_ws/install/turtlebot3_example/share/ament_index/resource_index
[4.691s] creating /home/ubuntu/turtlebot3_ws/install/turtlebot3_example/share/ament_index/resource_index/packages
[4.691s] symbolically linking /home/ubuntu/turtlebot3_ws/build/turtlebot3_example/resource/turtlebot3_example -> /home/ubuntu/turtlebot3_ws/install/turtlebot3_example/share/ament_index/resource_index/packages
[4.692s] symbolically linking /home/ubuntu/turtlebot3_ws/build/turtlebot3_example/package.xml -> /home/ubuntu/turtlebot3_ws/install/turtlebot3_example/share/turtlebot3_example
[4.816s] Invoked command in '/home/ubuntu/turtlebot3_ws/build/turtlebot3_example' returned '0': PYTHONPATH=/home/ubuntu/turtlebot3_ws/build/turtlebot3_example/prefix_override:/usr/lib/python3/dist-packages/colcon_core/task/python/colcon_distutils_commands:/home/ubuntu/turtlebot3_ws/install/turtlebot3_example/lib/python3.10/site-packages:${PYTHONPATH} /usr/bin/python3 -W ignore:setup.py install is deprecated -W ignore:easy_install command is deprecated setup.py develop --editable --build-directory /home/ubuntu/turtlebot3_ws/build/turtlebot3_example/build --no-deps symlink_data
