[3.130s] Invoking command in '/home/ubuntu/turtlebot3_ws/src/py_pubsub': PYTHONPATH=/home/ubuntu/turtlebot3_ws/build/py_pubsub/prefix_override:/usr/lib/python3/dist-packages/colcon_core/task/python/colcon_distutils_commands:/home/ubuntu/turtlebot3_ws/install/py_pubsub/lib/python3.10/site-packages:${PYTHONPATH} /usr/bin/python3 -W ignore:setup.py install is deprecated -W ignore:easy_install command is deprecated setup.py egg_info --egg-base ../../build/py_pubsub build --build-base /home/ubuntu/turtlebot3_ws/build/py_pubsub/build install --record /home/ubuntu/turtlebot3_ws/build/py_pubsub/install.log --single-version-externally-managed install_data
[4.097s] running egg_info
[4.099s] writing ../../build/py_pubsub/py_pubsub.egg-info/PKG-INFO
[4.101s] writing dependency_links to ../../build/py_pubsub/py_pubsub.egg-info/dependency_links.txt
[4.102s] writing entry points to ../../build/py_pubsub/py_pubsub.egg-info/entry_points.txt
[4.103s] writing requirements to ../../build/py_pubsub/py_pubsub.egg-info/requires.txt
[4.103s] writing top-level names to ../../build/py_pubsub/py_pubsub.egg-info/top_level.txt
[4.112s] reading manifest file '../../build/py_pubsub/py_pubsub.egg-info/SOURCES.txt'
[4.116s] writing manifest file '../../build/py_pubsub/py_pubsub.egg-info/SOURCES.txt'
[4.117s] running build
[4.117s] running build_py
[4.121s] running install
[4.122s] running install_lib
[4.129s] running install_data
[4.130s] copying package.xml -> /home/ubuntu/turtlebot3_ws/install/py_pubsub/share/py_pubsub
[4.131s] running install_egg_info
[4.139s] removing '/home/ubuntu/turtlebot3_ws/install/py_pubsub/lib/python3.10/site-packages/py_pubsub-0.0.0-py3.10.egg-info' (and everything under it)
[4.140s] Copying ../../build/py_pubsub/py_pubsub.egg-info to /home/ubuntu/turtlebot3_ws/install/py_pubsub/lib/python3.10/site-packages/py_pubsub-0.0.0-py3.10.egg-info
[4.146s] running install_scripts
[4.227s] Installing talker script to /home/ubuntu/turtlebot3_ws/install/py_pubsub/lib/py_pubsub
[4.229s] writing list of installed files to '/home/ubuntu/turtlebot3_ws/build/py_pubsub/install.log'
[4.345s] Invoked command in '/home/ubuntu/turtlebot3_ws/src/py_pubsub' returned '0': PYTHONPATH=/home/ubuntu/turtlebot3_ws/build/py_pubsub/prefix_override:/usr/lib/python3/dist-packages/colcon_core/task/python/colcon_distutils_commands:/home/ubuntu/turtlebot3_ws/install/py_pubsub/lib/python3.10/site-packages:${PYTHONPATH} /usr/bin/python3 -W ignore:setup.py install is deprecated -W ignore:easy_install command is deprecated setup.py egg_info --egg-base ../../build/py_pubsub build --build-base /home/ubuntu/turtlebot3_ws/build/py_pubsub/build install --record /home/ubuntu/turtlebot3_ws/build/py_pubsub/install.log --single-version-externally-managed install_data
