[0.026s] Invoking command in '/home/ubuntu/turtlebot3_ws/build/turtlebot3_node': CMAKE_PREFIX_PATH=/opt/ros/humble /usr/bin/cmake /home/ubuntu/turtlebot3_ws/src/turtlebot3/turtlebot3_node -DAMENT_CMAKE_SYMLINK_INSTALL=1 -DCMAKE_INSTALL_PREFIX=/home/ubuntu/turtlebot3_ws/install/turtlebot3_node
[0.265s] -- The C compiler identification is GNU 11.4.0
[0.505s] -- The CXX compiler identification is GNU 11.4.0
[0.535s] -- Detecting C compiler ABI info
[0.820s] -- Detecting C compiler ABI info - done
[0.847s] -- Check for working C compiler: /usr/bin/cc - skipped
[0.847s] -- Detecting C compile features
[0.849s] -- Detecting C compile features - done
[0.859s] -- Detecting CXX compiler ABI info
[1.175s] -- Detecting CXX compiler ABI info - done
[1.202s] -- Check for working CXX compiler: /usr/bin/c++ - skipped
[1.203s] -- Detecting CXX compile features
[1.204s] -- Detecting CXX compile features - done
[1.220s] -- Found ament_cmake: 1.3.11 (/opt/ros/humble/share/ament_cmake/cmake)
[1.855s] -- Found Python3: /usr/bin/python3 (found version "3.10.12") found components: Interpreter 
[2.111s] -- Override CMake install command with custom implementation using symlinks instead of copying resources
[2.270s] -- Found dynamixel_sdk: 3.7.60 (/opt/ros/humble/share/dynamixel_sdk/cmake)
[2.285s] -- Found geometry_msgs: 4.2.4 (/opt/ros/humble/share/geometry_msgs/cmake)
[2.474s] -- Found rosidl_generator_c: 3.1.6 (/opt/ros/humble/share/rosidl_generator_c/cmake)
[2.502s] -- Found rosidl_adapter: 3.1.6 (/opt/ros/humble/share/rosidl_adapter/cmake)
[2.542s] -- Found rosidl_generator_cpp: 3.1.6 (/opt/ros/humble/share/rosidl_generator_cpp/cmake)
[2.597s] -- Using all available rosidl_typesupport_c: rosidl_typesupport_fastrtps_c;rosidl_typesupport_introspection_c
[2.672s] -- Using all available rosidl_typesupport_cpp: rosidl_typesupport_fastrtps_cpp;rosidl_typesupport_introspection_cpp
[2.836s] -- Found message_filters: 4.3.5 (/opt/ros/humble/share/message_filters/cmake)
[3.098s] -- Found rmw_implementation_cmake: 6.1.2 (/opt/ros/humble/share/rmw_implementation_cmake/cmake)
[3.119s] -- Found rmw_fastrtps_cpp: 6.2.7 (/opt/ros/humble/share/rmw_fastrtps_cpp/cmake)
[3.568s] -- Found OpenSSL: /usr/lib/aarch64-linux-gnu/libcrypto.so (found version "3.0.2")  
[3.689s] -- Found FastRTPS: /opt/ros/humble/include  
[3.881s] -- Using RMW implementation 'rmw_fastrtps_cpp' as default
[3.939s] -- Looking for pthread.h
[4.277s] -- Looking for pthread.h - found
[4.278s] -- Performing Test CMAKE_HAVE_LIBC_PTHREAD
[4.612s] -- Performing Test CMAKE_HAVE_LIBC_PTHREAD - Success
[4.616s] -- Found Threads: TRUE  
[4.839s] -- Found nav_msgs: 4.2.4 (/opt/ros/humble/share/nav_msgs/cmake)
[4.914s] -- Found sensor_msgs: 4.2.4 (/opt/ros/humble/share/sensor_msgs/cmake)
[5.060s] [31mCMake Error at CMakeLists.txt:27 (find_package):
[5.060s]   By not providing "Findstd_srvs.cmake" in CMAKE_MODULE_PATH this project has
[5.061s]   asked CMake to find a package configuration file provided by "std_srvs",
[5.061s]   but CMake did not find one.
[5.061s] 
[5.061s]   Could not find a package configuration file provided by "std_srvs" with any
[5.062s]   of the following names:
[5.062s] 
[5.062s]     std_srvsConfig.cmake
[5.063s]     std_srvs-config.cmake
[5.063s] 
[5.063s]   Add the installation prefix of "std_srvs" to CMAKE_PREFIX_PATH or set
[5.064s]   "std_srvs_DIR" to a directory containing one of the above files.  If
[5.064s]   "std_srvs" provides a separate development package or SDK, be sure it has
[5.065s]   been installed.
[5.065s] 
[5.066s] [0m
[5.066s] -- Configuring incomplete, errors occurred!
[5.067s] See also "/home/ubuntu/turtlebot3_ws/build/turtlebot3_node/CMakeFiles/CMakeOutput.log".
[5.093s] Invoked command in '/home/ubuntu/turtlebot3_ws/build/turtlebot3_node' returned '1': CMAKE_PREFIX_PATH=/opt/ros/humble /usr/bin/cmake /home/ubuntu/turtlebot3_ws/src/turtlebot3/turtlebot3_node -DAMENT_CMAKE_SYMLINK_INSTALL=1 -DCMAKE_INSTALL_PREFIX=/home/ubuntu/turtlebot3_ws/install/turtlebot3_node
